[
    
  "Медленный шаг на месте",
    
  "Ламбадовский шаг на месте",
    
  "Перемещение вперед и назад ламбадовским шагом",
    
  "Перемещение со сменой направления ламбадовским шагом",
    
  "Базовый шаг",
    
  "Параджинья"

]