[
    
  "Медленный шаг на месте",
    
  "Базовый шаг",
    
  "Смена направления на базовом шаге назад на 90 градусов против часовой стрелки",
    
  "Расходка в открытую позицию",
    
  "Обход вокруг девочки (из расходки и латерала)",
    
  "Латерал",
    
  "Смена направления на базовом шаге вперед на 90 градусов против часовой стрелки",
    
  "Простой поворот",
    
  "Инсайд поворот без контакта",
    
  "Коридор [смена направления на 180 градусов на базовом шаге назад]",
    
  "Прогулка в открытой позиции вперед и назад"

]