[
    
  "Медленный шаг на месте",
    
  "Базовый шаг",
    
  "Параджинья",
    
  "Расходка в закрытую позицию",
    
  "Смена направления на базовом шаге назад на 90 градусов против часовой стрелки",
    
  "Расходка в открытую позицию",
    
  "Обход вокруг девочки (из расходки и латерала)",
    
  "Вираджинья",
    
  "Латерал",
    
  "Балансу с наклоном в закрытой позиции",
    
  "Смена направления на базовом шаге вперед на 90 градусов против часовой стрелки"

]