{
    
  "Elements":  [
        
    {
            
      "Name":  "warmup.xlsx.txt.source",
            
      "MissingMovements":  [],
            
      "ExtraMovements":  []
    
        },
        
    {
            
      "Name":  "warmup.xlsx.txt.sequence",
            
      "MissingMovements":  [],
            
      "ExtraMovements":  []
    
        },
        
    {
            
      "Name":  "movements.xlsx.txt.source",
            
      "MissingMovements":  [],
            
      "ExtraMovements":  []
    
        },
        
    {
            
      "Name":  "movements.xlsx.txt.sequence",
            
      "MissingMovements":  [],
            
      "ExtraMovements":  []
    
        }
  
    ]

}