{
    
  "Elements":  [
        
    {
            
      "Name":  "warmup.xlsx.txt.source",
            
      "MissingMovements":  [
                
        "warmup.sequence.cool.movement"
      
            ],
            
      "ExtraMovements":  [
                
        "warmup.source.cool.movement"
      
            ]
    
        },
        
    {
            
      "Name":  "warmup.xlsx.txt.sequence",
            
      "MissingMovements":  [],
            
      "ExtraMovements":  []
    
        },
        
    {
            
      "Name":  "movements.xlsx.txt.source",
            
      "MissingMovements":  [
                
        "sequence.crazy.movement"
      
            ],
            
      "ExtraMovements":  [
                
        "source.crazy.movement"
      
            ]
    
        },
        
    {
            
      "Name":  "movements.xlsx.txt.sequence",
            
      "MissingMovements":  [],
            
      "ExtraMovements":  []
    
        }
  
    ]

}