-----------------------------------------------------------------------------------------------------------------------------------------------------------------
one missing movements and one extra movements

Missing movements

miss movement


Extra movements

extra movement


