-----------------------------------------------------------------------------------------------------------------------------------------------------------------
empty missing movements and few extra movements

Missing movements



Extra movements

extra movement
extra cool movement
extra crazy movement


