-----------------------------------------------------------------------------------------------------------------------------------------------------------------
few missing movements and empty extra movements

Missing movements

miss movement
miss cool movement
miss crazy movement


Extra movements



