-----------------------------------------------------------------------------------------------------------------------------------------------------------------
few missing movements and one extra movements

Missing movements

miss movement
miss cool movement
miss crazy movement


Extra movements

extra movement


