-----------------------------------------------------------------------------------------------------------------------------------------------------------------
one missing movements and empty extra movements

Missing movements

miss movement


Extra movements



