-----------------------------------------------------------------------------------------------------------------------------------------------------------------
few missing movements and few extra movements

Missing movements

miss movement
miss cool movement
miss crazy movement


Extra movements

extra movement
extra cool movement
extra crazy movement


