-----------------------------------------------------------------------------------------------------------------------------------------------------------------
empty missing movements and one extra movements

Missing movements



Extra movements

extra movement


