-----------------------------------------------------------------------------------------------------------------------------------------------------------------
one missing movements and few extra movements

Missing movements

miss movement


Extra movements

extra movement
extra cool movement
extra crazy movement


