-----------------------------------------------------------------------------------------------------------------------------------------------------------------
empty missing movements and empty extra movements

Missing movements



Extra movements



