{
    
  "WarmupSourceMovements":  [],
    
  "WarmupMovementsSequence":  [
        
    "Обратная волна на месте (от таза к грудной клетке)"
  
    ],
    
  "SourceMovements":  [
        
    "Медленный шаг на месте",
        
    "Базовый шаг",
        
    "Латерал",
        
    "Импульс на поворот правой за левую",
        
    "Расходка в открытую позицию",
        
    "Амплитудное алсо из открытой позиции или латерала",
        
    "Раскрытие в алсо с головой в правую сторону"
  
    ],
    
  "MovementsSequence":  []

}