{
    
  "WarmupSourceMovements":  [
        
    "Медленный шаг на месте",
        
    "Базовый шаг",
        
    "Боковой шаг (шаг в сторону и два на месте)",
        
    "Поворот на 180 градусов (из бокового шага или шага назад)",
        
    "Волна на месте"
  
    ],
    
  "WarmupMovementsSequence":  [],
    
  "SourceMovements":  [
        
    "Раскрытие в алсо с головой в правую сторону",
        
    "Поворот правой за левую против часовой стрелки (с заведением правой руки партнерши за спину или отпусканием левой руки)",
        
    "Поворот правой за левую по часовой стрелке с заведением левой руки девочки на левое плечо",
        
    "Балун от импульса за левое плечо",
        
    "Бонус с головой правой за левую"
  
    ],
    
  "MovementsSequence":  [
        
    "Медленный шаг на месте",
        
    "Базовый шаг",
        
    "Латерал",
        
    "Импульс на поворот правой за левую",
        
    "Расходка в открытую позицию",
        
    "Поворот правой за левую против часовой стрелки (с заведением правой руки партнерши за спину или отпусканием левой руки)",
        
    "Поворот правой за левую по часовой стрелке с заведением левой руки девочки на левое плечо",
        
    "Балун от импульса за левое плечо",
        
    "Бонус с головой правой за левую"
  
    ]

}