{
    
  "WarmupSourceMovements":  [
        
    "Медленный шаг на месте",
        
    "Базовый шаг",
        
    "Боковой шаг (шаг в сторону и два на месте)"
  
    ],
    
  "WarmupMovementsSequence":  [
        
    "Медленный шаг на месте",
        
    "Базовый шаг",
        
    "Боковой шаг (шаг в сторону и два на месте)",
        
    "Поворот на одной ноге на 270 градусов (за один такт)",
        
    "Полукруг головой с одной стороны на другую с переносом веса (как окончание хабадо)",
        
    "Балун"
  
    ],
    
  "SourceMovements":  [
        
    "Медленный шаг на месте",
        
    "Базовый шаг",
        
    "Латерал",
        
    "Балун от импульса за левое плечо",
        
    "Бонус с головой правой за левую"
  
    ],
    
  "MovementsSequence":  []

}